=========================
New Admin Created
Email: testadmin3@garbo
Temp Password: Ptkol0S3ix!f
Created At: 2026-04-23 20:26:49
=========================
=========================
New Admin Created
Email: testadmin4@garbo
Temp Password: 0WlD4J&llmrr
Created At: 2026-04-23 20:30:18
=========================
=========================
New Admin Created
Email: hthhirunjith@gmail.com
Temp Password: %q2D1mPJ3d3l
Created At: 2026-04-23 23:32:28
=========================
=========================
New Admin Created
Email: hthhirunjith@gmail.com
Temp Password: 2T-5mYfm#p4S
Created At: 2026-04-24 05:40:12
=========================
=========================
New Admin Created
Email: hirunjithhth@gmail.com
Temp Password: AbJ!GdS8QmZL
Created At: 2026-04-24 05:46:55
=========================
=========================
New Admin Created
Email: adminnomail@garbo
Temp Password: AVlT1TvkQ8Z*
Created At: 2026-04-24 05:50:36
=========================
=========================
New Admin Created
Email: admin11@garbo
Temp Password: 2Vge0*f&V4_V
Created At: 2026-04-24 06:29:14
=========================
=========================
New Admin Created
Email: testadmin12@garbo
Temp Password: _jTPf#ocRla#
Created At: 2026-04-24 08:40:25
=========================
=========================
New Admin Created
Email: testadmin13@garbo
Temp Password: aQ)(G8Z_)V3X
Created At: 2026-04-24 10:08:02
=========================
=========================
New Admin Created
Email: testadmin14@garbo
Temp Password: SyHGVslpL10P
Created At: 2026-04-24 10:27:28
=========================
